2026-04-22 17:24:43,078 - INFO - ================================================================================
2026-04-22 17:24:43,079 - INFO - STARTING CHICAGO CRIME CLUSTERING PIPELINE
2026-04-22 17:24:43,079 - INFO - ================================================================================
2026-04-22 17:24:43,079 - INFO - STEP 1: Loading Chicago crime data...
2026-04-22 17:24:46,406 - INFO - ✓ Original dataset shape: (500000, 22)
2026-04-22 17:24:46,407 - INFO - STEP 2: Cleaning and preprocessing data...
2026-04-22 17:24:47,790 - INFO - ✓ After cleaning shape: (492449, 23)
2026-04-22 17:24:53,971 - INFO - ✓ Cleaned data saved to data/processed/crime_cleaned.csv
2026-04-22 17:24:53,972 - INFO - STEP 3: Sampling 50,000 records for processing...
2026-04-22 17:24:54,014 - INFO - ✓ Sampled dataset shape: (50000, 23)
2026-04-22 17:24:54,015 - INFO - STEP 4: Selecting features for clustering...
2026-04-22 17:24:54,015 - INFO - ✓ Features selected: ['Latitude', 'Longitude', 'hour', 'month', 'Arrest', 'Domestic']
2026-04-22 17:24:54,016 - INFO - ✓ Feature matrix shape: (50000, 6)
2026-04-22 17:24:54,016 - INFO - STEP 5: Scaling features...
2026-04-22 17:24:54,023 - INFO - ✓ Features scaled successfully
2026-04-22 17:24:54,023 - INFO - STEP 6: Applying PCA for feature reduction...
2026-04-22 17:24:54,025 - INFO - ✓ PCA completed. Explained variance: 0.6098
2026-04-22 17:24:54,025 - INFO - ✓ Top 5 Important Features: [('Domestic', 0.3583549680399978), ('month', 0.3252393681301624), ('Arrest', 0.3056760158311927), ('Longitude', 0.3007997030081759), ('hour', 0.28477437647001214)]
2026-04-22 17:24:54,750 - INFO - STEP 7: Training K-Means clustering models...
2026-04-22 17:24:54,750 - INFO -   Testing K-Means with K=3...
2026-04-22 17:25:22,331 - INFO -   ✓ K=3: Silhouette=0.2156, Davies-Bouldin=1.6681
2026-04-22 17:25:22,346 - INFO -   Testing K-Means with K=4...
2026-04-22 17:25:48,270 - INFO -   ✓ K=4: Silhouette=0.2261, Davies-Bouldin=1.4526
2026-04-22 17:25:48,279 - INFO -   Testing K-Means with K=5...
2026-04-22 17:26:13,094 - INFO -   ✓ K=5: Silhouette=0.2047, Davies-Bouldin=1.4204
2026-04-22 17:26:13,105 - INFO -   Testing K-Means with K=6...
2026-04-22 17:26:38,370 - INFO -   ✓ K=6: Silhouette=0.2205, Davies-Bouldin=1.4969
2026-04-22 17:26:38,383 - INFO -   Testing K-Means with K=7...
2026-04-22 17:27:02,718 - INFO -   ✓ K=7: Silhouette=0.2177, Davies-Bouldin=1.3829
2026-04-22 17:27:02,729 - INFO -   Testing K-Means with K=8...
2026-04-22 17:27:27,395 - INFO -   ✓ K=8: Silhouette=0.2219, Davies-Bouldin=1.4586
2026-04-22 17:27:27,406 - INFO -   Testing K-Means with K=9...
