2026-04-20 16:46:38,180 - INFO - ================================================================================
2026-04-20 16:46:38,181 - INFO - STARTING CHICAGO CRIME CLUSTERING PIPELINE
2026-04-20 16:46:38,181 - INFO - ================================================================================
2026-04-20 16:46:38,181 - INFO - STEP 1: Loading Chicago crime data...
2026-04-20 16:46:42,559 - INFO - ✓ Original dataset shape: (994999, 22)
2026-04-20 16:46:42,559 - INFO - STEP 2: Cleaning and preprocessing data...
2026-04-20 16:46:44,166 - INFO - ✓ After cleaning shape: (987189, 23)
2026-04-20 16:46:59,029 - INFO - ✓ Cleaned data saved to data/processed/crime_cleaned.csv
2026-04-20 16:46:59,030 - INFO - STEP 3: Sampling 50,000 records for processing...
2026-04-20 16:46:59,097 - INFO - ✓ Sampled dataset shape: (50000, 23)
2026-04-20 16:46:59,097 - INFO - STEP 4: Selecting features for clustering...
2026-04-20 16:46:59,098 - INFO - ✓ Features selected: ['Latitude', 'Longitude', 'hour', 'month', 'Arrest', 'Domestic']
2026-04-20 16:46:59,098 - INFO - ✓ Feature matrix shape: (50000, 6)
2026-04-20 16:46:59,098 - INFO - STEP 5: Scaling features...
2026-04-20 16:46:59,106 - INFO - ✓ Features scaled successfully
2026-04-20 16:46:59,106 - INFO - STEP 6: Applying PCA for feature reduction...
2026-04-20 16:46:59,108 - INFO - ✓ PCA completed. Explained variance: 0.6040
2026-04-20 16:46:59,108 - INFO - ✓ Top 5 Important Features: [('hour', 0.38034409046831), ('Domestic', 0.3410347953859068), ('Arrest', 0.29974118975610897), ('Longitude', 0.2956928432393623), ('month', 0.26202782097603433)]
2026-04-20 16:47:00,784 - INFO - STEP 7: Training K-Means clustering models...
2026-04-20 16:47:00,784 - INFO -   Testing K-Means with K=3...
2026-04-20 16:47:27,638 - INFO -   ✓ K=3: Silhouette=0.2188, Davies-Bouldin=1.6354
2026-04-20 16:47:27,651 - INFO -   Testing K-Means with K=4...
2026-04-20 16:47:53,751 - INFO -   ✓ K=4: Silhouette=0.2335, Davies-Bouldin=1.4286
2026-04-20 16:47:53,762 - INFO -   Testing K-Means with K=5...
2026-04-20 16:48:18,894 - INFO -   ✓ K=5: Silhouette=0.2122, Davies-Bouldin=1.4082
2026-04-20 16:48:18,904 - INFO -   Testing K-Means with K=6...
2026-04-20 16:48:43,767 - INFO -   ✓ K=6: Silhouette=0.2092, Davies-Bouldin=1.2790
2026-04-20 16:48:43,776 - INFO -   Testing K-Means with K=7...
2026-04-20 16:49:08,756 - INFO -   ✓ K=7: Silhouette=0.2199, Davies-Bouldin=1.3318
2026-04-20 16:49:08,766 - INFO -   Testing K-Means with K=8...
2026-04-20 16:49:32,499 - INFO -   ✓ K=8: Silhouette=0.2122, Davies-Bouldin=1.3735
2026-04-20 16:49:32,509 - INFO -   Testing K-Means with K=9...
2026-04-20 16:49:55,478 - INFO -   ✓ K=9: Silhouette=0.2253, Davies-Bouldin=1.4301
2026-04-20 16:49:55,488 - INFO -   Testing K-Means with K=10...
2026-04-20 16:50:18,299 - INFO -   ✓ K=10: Silhouette=0.2213, Davies-Bouldin=1.3573
2026-04-20 16:50:18,313 - INFO - ✓ Best K-Means: K=4, Score=0.2335
2026-04-20 16:50:18,313 - INFO - STEP 8: Training DBSCAN clustering...
2026-04-20 16:50:19,152 - INFO - ✓ DBSCAN: Silhouette=-1.0000
2026-04-20 16:50:19,162 - INFO - STEP 9: Training Hierarchical clustering...
2026-04-20 16:52:09,388 - INFO - ✓ Hierarchical: Silhouette=0.1884
2026-04-20 16:52:09,400 - INFO - STEP 10: Saving clustering results...
2026-04-20 16:52:09,404 - INFO - ✓ Results saved to outputs/clustering_results.json
2026-04-20 16:52:09,405 - INFO - STEP 11: Registering best model in MLflow...
2026-04-20 16:52:38,647 - INFO - ✓ Best model registered in MLflow
2026-04-20 16:52:38,658 - INFO - ================================================================================
2026-04-20 16:52:38,658 - INFO - ✓ PIPELINE COMPLETED SUCCESSFULLY!
2026-04-20 16:52:38,658 - INFO - ================================================================================
2026-04-20 16:52:38,658 - INFO - 
2026-04-20 16:52:38,658 - INFO - 📊 FILES CREATED:
2026-04-20 16:52:38,658 - INFO -   ✓ data/processed/crime_cleaned.csv
2026-04-20 16:52:38,658 - INFO -   ✓ outputs/clustering_results.json
2026-04-20 16:52:38,658 - INFO -   ✓ outputs/pca_results.json
2026-04-20 16:52:38,658 - INFO -   ✓ logs/training_*.log
2026-04-20 16:52:38,659 - INFO - 
2026-04-20 16:52:38,659 - INFO - 📊 NEXT STEPS:
2026-04-20 16:52:38,659 - INFO - 1. View MLflow experiments:
2026-04-20 16:52:38,659 - INFO -    mlflow ui
2026-04-20 16:52:38,659 - INFO - 
2026-04-20 16:52:38,659 - INFO - 2. Start Streamlit dashboard (in another terminal):
2026-04-20 16:52:38,659 - INFO -    streamlit run app/Home.py
2026-04-20 16:52:38,659 - INFO - 
2026-04-20 16:52:38,659 - INFO - ================================================================================
