2026-04-24 17:19:19,811 - INFO - ================================================================================
2026-04-24 17:19:19,812 - INFO - STARTING CHICAGO CRIME CLUSTERING PIPELINE
2026-04-24 17:19:19,812 - INFO - ================================================================================
2026-04-24 17:19:19,812 - INFO - STEP 1: Loading Chicago crime data...
2026-04-24 17:19:27,762 - INFO - ✓ Original dataset shape: (2752438, 22)
2026-04-24 17:19:27,762 - INFO - STEP 2: Cleaning and preprocessing data...
2026-04-24 17:19:32,158 - INFO - ✓ After cleaning shape: (500000, 22)
2026-04-24 17:19:38,183 - INFO - ✓ Cleaned data saved to data/processed/crime_cleaned.csv
2026-04-24 17:19:38,183 - INFO - STEP 3: Sampling 50,000 records for processing...
2026-04-24 17:19:38,247 - INFO - ✓ Sampled dataset shape: (50000, 22)
2026-04-24 17:19:38,247 - INFO - STEP 4: Selecting features for clustering...
2026-04-24 17:19:38,248 - INFO - ✓ Features selected: ['Latitude', 'Longitude', 'hour', 'month', 'day_num', 'Arrest', 'Domestic']
2026-04-24 17:19:38,249 - INFO - ✓ Feature matrix shape: (50000, 7)
2026-04-24 17:19:38,249 - INFO - STEP 5: Scaling features...
2026-04-24 17:19:38,257 - INFO - ✓ Features scaled successfully
2026-04-24 17:19:38,257 - INFO - STEP 6: Applying PCA for feature reduction...
2026-04-24 17:19:38,259 - INFO - ✓ PCA completed. Explained variance: 0.5253
2026-04-24 17:19:38,260 - INFO - ✓ Top 5 Important Features: [('Arrest', 0.3517337147248146), ('Domestic', 0.3219864345160611), ('Longitude', 0.29076667832906955), ('day_num', 0.26131715961071605), ('Latitude', 0.2597082715752645)]
2026-04-24 17:19:38,263 - INFO - STEP 7: Training K-Means clustering models...
2026-04-24 17:19:38,264 - INFO -   Testing K-Means with K=3...
2026-04-24 17:20:05,132 - INFO -   ✓ K=3: Silhouette=0.1811, Davies-Bouldin=1.8788
2026-04-24 17:20:05,147 - INFO -   Testing K-Means with K=4...
2026-04-24 17:20:30,213 - INFO -   ✓ K=4: Silhouette=0.1847, Davies-Bouldin=1.6802
2026-04-24 17:20:30,224 - INFO -   Testing K-Means with K=5...
2026-04-24 17:20:54,838 - INFO -   ✓ K=5: Silhouette=0.1616, Davies-Bouldin=1.6873
2026-04-24 17:20:54,850 - INFO -   Testing K-Means with K=6...
2026-04-24 17:21:19,329 - INFO -   ✓ K=6: Silhouette=0.1745, Davies-Bouldin=1.7676
2026-04-24 17:21:19,340 - INFO -   Testing K-Means with K=7...
2026-04-24 17:21:43,083 - INFO -   ✓ K=7: Silhouette=0.1687, Davies-Bouldin=1.6597
2026-04-24 17:21:43,094 - INFO -   Testing K-Means with K=8...
2026-04-24 17:22:06,656 - INFO -   ✓ K=8: Silhouette=0.1630, Davies-Bouldin=1.6538
2026-04-24 17:22:06,667 - INFO -   Testing K-Means with K=9...
2026-04-24 17:22:30,011 - INFO -   ✓ K=9: Silhouette=0.1673, Davies-Bouldin=1.7370
2026-04-24 17:22:30,024 - INFO -   Testing K-Means with K=10...
2026-04-24 17:22:52,832 - INFO -   ✓ K=10: Silhouette=0.1650, Davies-Bouldin=1.6739
2026-04-24 17:22:52,844 - INFO - ✓ Best K-Means: K=4, Score=0.1847
2026-04-24 17:22:52,844 - INFO - STEP 8: Training DBSCAN clustering...
2026-04-24 17:22:53,570 - INFO - ✓ DBSCAN: Silhouette=-1.0000
2026-04-24 17:22:53,583 - INFO - STEP 9: Training Hierarchical clustering...
2026-04-24 17:24:26,565 - INFO - ✓ Hierarchical: Silhouette=0.1456
2026-04-24 17:24:26,578 - INFO - STEP 10: Saving clustering results...
2026-04-24 17:24:26,833 - INFO - ✓ Results saved to outputs/clustering_results.json
2026-04-24 17:24:26,833 - INFO - STEP 11: Registering best model in MLflow...
2026-04-24 17:24:51,430 - INFO - ✓ Best model registered in MLflow
2026-04-24 17:24:51,441 - INFO - ================================================================================
2026-04-24 17:24:51,441 - INFO - ✓ PIPELINE COMPLETED SUCCESSFULLY!
2026-04-24 17:24:51,441 - INFO - ================================================================================
2026-04-24 17:24:51,442 - INFO - 
2026-04-24 17:24:51,442 - INFO - 📊 FILES CREATED:
2026-04-24 17:24:51,442 - INFO -   ✓ data/processed/crime_cleaned.csv
2026-04-24 17:24:51,442 - INFO -   ✓ outputs/clustering_results.json
2026-04-24 17:24:51,442 - INFO -   ✓ outputs/pca_results.json
2026-04-24 17:24:51,442 - INFO -   ✓ logs/training_*.log
2026-04-24 17:24:51,442 - INFO - 
2026-04-24 17:24:51,442 - INFO - 📊 NEXT STEPS:
2026-04-24 17:24:51,442 - INFO - 1. View MLflow experiments:
2026-04-24 17:24:51,442 - INFO -    mlflow ui
2026-04-24 17:24:51,442 - INFO - 
2026-04-24 17:24:51,442 - INFO - 2. Start Streamlit dashboard (in another terminal):
2026-04-24 17:24:51,442 - INFO -    streamlit run app/Home.py
2026-04-24 17:24:51,442 - INFO - 
2026-04-24 17:24:51,442 - INFO - ================================================================================
