2026-04-20 02:19:19,455 - INFO - ================================================================================
2026-04-20 02:19:19,456 - INFO - STARTING CHICAGO CRIME CLUSTERING PIPELINE
2026-04-20 02:19:19,457 - INFO - ================================================================================
2026-04-20 02:19:19,458 - INFO - STEP 1: Loading Chicago crime data...
2026-04-20 02:19:29,764 - INFO - ✓ Original dataset shape: (994999, 22)
2026-04-20 02:19:29,764 - INFO - STEP 2: Cleaning and preprocessing data...
2026-04-20 02:19:34,175 - INFO - ✓ After cleaning shape: (987189, 23)
2026-04-20 02:19:59,041 - INFO - ✓ Cleaned data saved to data/processed/crime_cleaned.csv
2026-04-20 02:19:59,042 - INFO - STEP 3: Sampling 50,000 records for processing...
2026-04-20 02:19:59,297 - INFO - ✓ Sampled dataset shape: (50000, 23)
2026-04-20 02:19:59,298 - INFO - STEP 4: Selecting features for clustering...
2026-04-20 02:19:59,300 - INFO - ✓ Features selected: ['Latitude', 'Longitude', 'hour', 'month', 'Arrest', 'Domestic']
2026-04-20 02:19:59,301 - INFO - ✓ Feature matrix shape: (50000, 6)
2026-04-20 02:19:59,301 - INFO - STEP 5: Scaling features...
2026-04-20 02:19:59,328 - INFO - ✓ Features scaled successfully
2026-04-20 02:19:59,330 - INFO - STEP 6: Applying PCA for feature reduction...
2026-04-20 02:19:59,367 - INFO - ✓ PCA completed. Explained variance: 0.6040
2026-04-20 02:19:59,367 - INFO - ✓ Top 5 Important Features: [('hour', 0.38034409046831047), ('Domestic', 0.3410347953859078), ('Arrest', 0.2997411897561092), ('Longitude', 0.29569284323936246), ('month', 0.26202782097603305)]
2026-04-20 02:19:59,863 - INFO - STEP 7: Training K-Means clustering models...
2026-04-20 02:19:59,864 - INFO -   Testing K-Means with K=3...
2026-04-20 02:20:35,035 - INFO -   ✓ K=3: Silhouette=0.2188, Davies-Bouldin=1.6354
2026-04-20 02:20:35,091 - INFO -   Testing K-Means with K=4...
2026-04-20 02:21:06,763 - INFO -   ✓ K=4: Silhouette=0.2335, Davies-Bouldin=1.4286
2026-04-20 02:21:06,783 - INFO -   Testing K-Means with K=5...
2026-04-20 02:21:35,774 - INFO -   ✓ K=5: Silhouette=0.2122, Davies-Bouldin=1.4082
2026-04-20 02:21:35,800 - INFO -   Testing K-Means with K=6...
2026-04-20 02:22:04,970 - INFO -   ✓ K=6: Silhouette=0.2092, Davies-Bouldin=1.2790
2026-04-20 02:22:04,994 - INFO -   Testing K-Means with K=7...
2026-04-20 02:22:35,435 - INFO -   ✓ K=7: Silhouette=0.2199, Davies-Bouldin=1.3318
2026-04-20 02:22:35,462 - INFO -   Testing K-Means with K=8...
2026-04-20 02:23:05,762 - INFO -   ✓ K=8: Silhouette=0.2122, Davies-Bouldin=1.3735
2026-04-20 02:23:05,788 - INFO -   Testing K-Means with K=9...
2026-04-20 02:23:37,269 - INFO -   ✓ K=9: Silhouette=0.2253, Davies-Bouldin=1.4301
2026-04-20 02:23:37,296 - INFO -   Testing K-Means with K=10...
2026-04-20 02:24:08,654 - INFO -   ✓ K=10: Silhouette=0.2213, Davies-Bouldin=1.3573
2026-04-20 02:24:08,678 - INFO - ✓ Best K-Means: K=4, Score=0.2335
2026-04-20 02:24:08,678 - INFO - STEP 8: Training DBSCAN clustering...
2026-04-20 02:24:10,145 - INFO - ✓ DBSCAN: Silhouette=-1.0000
2026-04-20 02:24:10,169 - INFO - STEP 9: Training Hierarchical clustering...
