2026-04-21 16:23:53,661 - INFO - ================================================================================
2026-04-21 16:23:53,661 - INFO - STARTING CHICAGO CRIME CLUSTERING PIPELINE
2026-04-21 16:23:53,661 - INFO - ================================================================================
2026-04-21 16:23:53,662 - INFO - STEP 1: Loading Chicago crime data...
2026-04-21 16:23:53,806 - ERROR - ❌ ERROR in training pipeline: [Errno 2] No such file or directory: 'data/raw/crimes.csv'
Traceback (most recent call last):
  File "/content/drive/MyDrive/PatrolQ/src/train.py", line 46, in <module>
    df = load_data("data/raw/crime.csv")
         ^^^^^^^^^^^^^^^^^^^^^^^^^^^^^^^
  File "/content/drive/MyDrive/PatrolQ/src/data_loader.py", line 6, in load_data
    df = pd.read_csv("data/raw/crimes.csv")
         ^^^^^^^^^^^^^^^^^^^^^^^^^^^^^^^^^^
  File "/usr/local/lib/python3.12/dist-packages/pandas/io/parsers/readers.py", line 1026, in read_csv
    return _read(filepath_or_buffer, kwds)
           ^^^^^^^^^^^^^^^^^^^^^^^^^^^^^^^
  File "/usr/local/lib/python3.12/dist-packages/pandas/io/parsers/readers.py", line 620, in _read
    parser = TextFileReader(filepath_or_buffer, **kwds)
             ^^^^^^^^^^^^^^^^^^^^^^^^^^^^^^^^^^^^^^^^^^
  File "/usr/local/lib/python3.12/dist-packages/pandas/io/parsers/readers.py", line 1620, in __init__
    self._engine = self._make_engine(f, self.engine)
                   ^^^^^^^^^^^^^^^^^^^^^^^^^^^^^^^^^
  File "/usr/local/lib/python3.12/dist-packages/pandas/io/parsers/readers.py", line 1880, in _make_engine
    self.handles = get_handle(
                   ^^^^^^^^^^^
  File "/usr/local/lib/python3.12/dist-packages/pandas/io/common.py", line 873, in get_handle
    handle = open(
             ^^^^^
FileNotFoundError: [Errno 2] No such file or directory: 'data/raw/crimes.csv'
