2026-04-24 17:03:51,169 - INFO - ================================================================================
2026-04-24 17:03:51,170 - INFO - STARTING CHICAGO CRIME CLUSTERING PIPELINE
2026-04-24 17:03:51,170 - INFO - ================================================================================
2026-04-24 17:03:51,170 - INFO - STEP 1: Loading Chicago crime data...
2026-04-24 17:04:02,778 - INFO - ✓ Original dataset shape: (2752438, 22)
2026-04-24 17:04:02,779 - INFO - STEP 2: Cleaning and preprocessing data...
2026-04-24 17:04:07,262 - INFO - ✓ After cleaning shape: (500000, 22)
2026-04-24 17:04:13,389 - INFO - ✓ Cleaned data saved to data/processed/crime_cleaned.csv
2026-04-24 17:04:13,390 - INFO - STEP 3: Sampling 50,000 records for processing...
2026-04-24 17:04:13,454 - INFO - ✓ Sampled dataset shape: (50000, 22)
2026-04-24 17:04:13,455 - INFO - STEP 4: Selecting features for clustering...
2026-04-24 17:04:13,456 - INFO - ✓ Features selected: ['Latitude', 'Longitude', 'hour', 'month', 'Arrest', 'Domestic']
2026-04-24 17:04:13,456 - INFO - ✓ Feature matrix shape: (50000, 6)
2026-04-24 17:04:13,456 - INFO - STEP 5: Scaling features...
2026-04-24 17:04:13,463 - INFO - ✓ Features scaled successfully
2026-04-24 17:04:13,463 - INFO - STEP 6: Applying PCA for feature reduction...
2026-04-24 17:04:13,466 - INFO - ✓ PCA completed. Explained variance: 0.6094
2026-04-24 17:04:13,466 - INFO - ✓ Top 5 Important Features: [('Domestic', 0.3309565072269956), ('month', 0.32170483019570256), ('Arrest', 0.3143758774858721), ('hour', 0.2983439635389607), ('Longitude', 0.29234138567589246)]
2026-04-24 17:04:13,857 - INFO - STEP 7: Training K-Means clustering models...
2026-04-24 17:04:13,857 - INFO -   Testing K-Means with K=3...
2026-04-24 17:04:40,186 - INFO -   ✓ K=3: Silhouette=0.2163, Davies-Bouldin=1.6648
2026-04-24 17:04:40,200 - INFO -   Testing K-Means with K=4...
2026-04-24 17:05:05,061 - INFO -   ✓ K=4: Silhouette=0.2268, Davies-Bouldin=1.4500
2026-04-24 17:05:05,071 - INFO -   Testing K-Means with K=5...
